#ERRORS 

PageNotFound
ModuleNotFoundError
ImproperlyConfigured
AttributeError
ValueError
TemplateDoesNotExist